
Полоса: 2000 прогонов, зерно 20260928, осей 18; фрагменты: capex-wc-tax.yaml, margin.yaml, network-revenue.yaml, financing-valuation.yaml
-----------------------------------------------------------------------------------------------------------------------------------------
  p10 2888.9, p25 3273.8, median 3736.6, p75 4223.1, p90 4607.2, mean 3753.5, p_below 0.0

Вклад осей (доля квадрата ранговой корреляции с центром)
--------------------------------------------------------
  0.2726  Поддерживающий capex (сдвиг всех уровней)
  0.2216  Трафик LFL (сдвиг всех состояний)
  0.1571  Долгосрочный уровень маржи (сдвиг целей LT всех режимов)
  0.0869  Продуктивность закрываемой площади
  0.0843  Бета активов β_u
  0.0582  Плотность новой площади
  0.0244  Премия за риск ERP
  0.0240  Постоянные налоговые разницы
  0.0221  Операционная касса
  0.0128  Целевой рычаг
  0.0116  Стоимость открытия, млрд ₽ на тыс. м²
  0.0087  Дисконт за управление
  0.0077  Оборотный капитал, долгосрочный уровень (сдвиг)
  0.0057  Инфляция мира M
  0.0017  LTI
  0.0005  Веса миров
  0.0001  Инфраструктура на м² прироста, млрд ₽ на тыс. м²
  0.0000  Чистый рост площади 2027–2030 (сдвиг всех тарифов)

Обратный DCF (медиана подвыборки 200 + сдвиг; для справки — точка)
------------------------------------------------------------------
  Долгосрочный уровень маржи (сдвиг целей LT всех режимов): книга 0.0000 → медиана -0.0139 (вне [-0.005, 0.004]); точка -0.0144
  Поддерживающий capex (сдвиг всех уровней): книга 0.0000 → медиана 0.0086 (вне [-0.004, 0.004]); точка 0.0091
  Стоимость открытия, млрд ₽ на тыс. м²: книга 0.0555 → медиана 0.1672 (вне [0.047, 0.064]); точка 0.1750
  Бета активов β_u: книга 0.6000 → медиана 1.5570 (вне [0.45, 0.75]); точка 1.5711
  Премия за риск ERP: книга 0.0557 → медиана 0.1449 (вне [0.049, 0.065]); точка 0.1461
  Дисконт за управление: книга 0.0300 → медиана 0.5414 (вне [0.0, 0.1]); точка 0.5449
  Трафик LFL (сдвиг всех состояний): книга 0.0000 → медиана -0.0187 (вне [-0.008, 0.004]); точка -0.0187
  Чистый рост площади 2027–2030 (сдвиг всех тарифов): книга 0.0000 → медиана недостижимо (вне [-0.01, 0.008]); точка недостижимо
  Инфляция мира M: книга 0.0000 → медиана недостижимо (вне [-0.003, 0.005]); точка недостижимо
