
1. Строки факта bridge.json (30.06.2026, млрд ₽; обязательство «+», актив «−»)
------------------------------------------------------------------------------
  ВКЛ  accrued_interest       +1.719  Начисленные проценты: долг: требование кредиторов = номинал + НКД; в «общий долг» и ЧД компании не входит. Проценты модели начисляются с 2П2026 и в стартовый долг начисленное за 1П не кладут
  ВКЛ  nci_put                +0.698  Пут на неконтролирующую долю: долг: обязательство выкупить неконтролирующие доли (опцион пут продавцов); самих НДУ в капитале нет (прочерк на 30.06.2026), двойного вычета нет
  нет  lti_liability          +7.896  Обязательство LTI: не требование: программа LTI скользящая, модель платит LTI деньгами в момент начисления (A-C7, MODEL §4.4) — остаток, который фирма всегда носит, в путь денег не входит; вычесть его ещё раз значит заплатить за одну и ту же службу дважды
  ВКЛ  tax_provisions_net     +7.599  Резервы по налоговым позициям (нетто): долгоподобно: оценка по IFRIC 23 ожидаемых доплат за прошлые периоды; будущий налог модели (A-T1, A-T2) их не содержит; за вычетом компенсирующего актива — возмещений продавцов купленных бизнесов
  ВКЛ  income_tax_net         -1.383  Налог на прибыль к уплате − к возмещению (нетто): налог на прибыль к уплате − к возмещению: налог модели денежный в периоде (A-T1, A-W1 — вне оборотного капитала), значит остаток на якоре гасится в 2П2026 и должен быть в требованиях; на 30.06.2026 — требование к бюджету (знак «−»)
  ВКЛ  st_investments         -0.204  Краткосрочные финансовые вложения: актив: краткосрочные финансовые вложения ЧД компании не уменьшают (вычитается только касса)
  ВКЛ  associates             -0.969  Инвестиции в ассоциированные и СП: актив вне EBITDA: доля в прибыли ассоциированных и СП в EBITDA не входит, стоимость — по балансу
  сумма включённых +7.460; всех строк +15.356; разница (LTI) +7.896

2. Вне моста (outside_bridge) и почему
--------------------------------------
  lease_liabilities_ifrs16: 742.991 — базис до МСФО 16: аренда внутри EBITDA, вне моста
  capital_commitments: 29.882 — обязательства по капвложениям — это capex прогноза, не мост
  treasury_shares_mln: 25.591692 — не актив моста; в формуле цены — выручка от продажи пакета n·k·P_рынок, знаменатель — выпущенные акции N + n (docs/MODEL.md §7.2; ядро читает n из shares.treasury)
  deferred_consideration: None — остаток отложенных платежей по сделкам не раскрыт (внутри кредиторки за ОС, НМА и бизнесы 24 917)
  gorod77_consideration: None — цена «Города 77» (20.07.2026) не раскрыта; после отчётной даты
  obligation_to_x5_retail_group_nv: 0.0 — обязательств перед бывшей материнской нет
  дивиденды к выплате 60,425 и невыплаченный остаток 14,4 на 13.08.2026 — не строка моста, а реестр объявленных (MODEL §7.1: требование с даты отсечки, пока деньги в компании); операционная касса якоря — A-W3 (capex-wc-tax)

3. Почему остаток LTI — двойной счёт (скользящая программа)
-----------------------------------------------------------
  расход LTI: 2024 3.759, 2025 7.139, 1П2026 4.675; LTM 2К2026 9.719 (кварталы databook); форма — только денежная, акций и опционов нет (ГО 2025, п. 4.3.2, с. 374)
  остаток: 31.12.2025 11.635 (долгоср. + краткоср.) = 1.63 года расхода 2025; 30.06.2026 долгосрочный 7.896 (краткосрочная часть не раскрыта)
  денежный поток скользящей программы: выплата года t = начисление года t − L (L — срок до выплаты). Модель платит начисление сразу; PV денег программы = PV(начислений) × (1 + g)^−L ≈ PV(начислений) − S·g/(r − g).
  значит без строки моста модель уже переплачивает ≈ S·g/(r − g), со строкой — ≈ S·r/(r − g):
    мир N: r 0.1234, g ≈ π_LT 0.0400 → без строки +3.8 млрд ₽, со строкой +11.7 млрд ₽
    мир H: r 0.1604, g ≈ π_LT 0.0550 → без строки +4.1 млрд ₽, со строкой +12.0 млрд ₽
    мир M: r 0.2004, g ≈ π_LT 0.0980 → без строки +7.6 млрд ₽, со строкой +15.5 млрд ₽
  исключение строки — меньшая из двух ошибок и в сторону осторожности (модель всё равно платит LTI раньше, чем компания)

4. Итог
-------
  КНИГА bridge.include = ['accrued_interest', 'nci_put', 'tax_provisions_net', 'income_tax_net', 'st_investments', 'associates']; сумма строк +7.460 млрд ₽
