
1. EV / EBITDA X5 до МСФО 16 в истории: LTM и следующие 12 мес. (фактические, скорр.)
-------------------------------------------------------------------------------------
  2018Q4 FIVE EV   651.9  LTM 6.06×  NTM 5.12×  КС квартала 0.0754 → режим N
  2019Q1 FIVE EV   628.2  LTM 5.45×  NTM 4.80×  КС квартала 0.0775 → режим N
  2019Q2 FIVE EV   786.5  LTM 6.41×  NTM 5.78×  КС квартала 0.0771 → режим N
  2019Q3 FIVE EV   834.7  LTM 6.75×  NTM 5.74×  КС квартала 0.0727 → режим N
  2019Q4 FIVE EV   789.0  LTM 6.44×  NTM 5.40×  КС квартала 0.0660 → режим N
  2020Q1 FIVE EV   754.8  LTM 5.99×  NTM 5.08×  КС квартала 0.0611 → режим N
  2020Q2 FIVE EV   900.0  LTM 6.86×  NTM 5.92×  КС квартала 0.0554 → режим N
  2020Q3 FIVE EV  1000.8  LTM 7.08×  NTM 6.43×  КС квартала 0.0432 → режим N
  2020Q4 FIVE EV   991.5  LTM 6.83×  NTM 6.04×  КС квартала 0.0425 → режим N
  2021Q1 FIVE EV   899.2  LTM 6.09×  NTM 5.25×  КС квартала 0.0428 → режим N
  2021Q2 FIVE EV   948.4  LTM 6.31×  NTM 5.04×  КС квартала 0.0495 → режим N
  2021Q3 FIVE EV   864.1  LTM 5.63×  NTM 4.47×  КС квартала 0.0628 → режим N
  2021Q4 FIVE EV   801.2  LTM 4.98×  NTM 4.23×  КС квартала 0.0743 → режим N
  2022Q1 FIVE EV   671.4  LTM 4.00×  NTM 3.58×  КС квартала 0.1274 → режим H
  2022Q2 FIVE EV   471.8  LTM 2.55×  NTM 2.54×  КС квартала 0.1398 → режим H
  2022Q3 FIVE EV   488.1  LTM 2.55×  NTM 2.44×  КС квартала 0.0833 → режим N
  2022Q4 FIVE EV   601.9  LTM 3.22×  NTM 2.75×  КС квартала 0.0750 → режим N
  2023Q1 FIVE EV   595.1  LTM 3.23×  NTM 2.55×  КС квартала 0.0750 → режим N
  2023Q2 FIVE EV   613.3  LTM 3.33×  NTM 2.49×  КС квартала 0.0750 → режим N
  2023Q3 FIVE EV   770.9  LTM 3.90×  NTM 3.00×  КС квартала 0.1018 → режим H
  2023Q4 FIVE EV   783.2  LTM 3.64×  NTM 3.06×  КС квартала 0.1452 → режим M
  2024Q1 FIVE EV   996.6  LTM 4.31×  NTM 3.96×  КС квартала 0.1600 → режим M
  2025Q1 X5   EV  1132.7  LTM 4.60×  NTM 3.79×  КС квартала 0.2100 → режим M
  2025Q2 X5   EV  1282.6  LTM 5.19×  NTM 4.32×  КС квартала 0.2076 → режим M
  2025Q3 X5   EV   965.8  LTM 3.90×  NTM nan×  КС квартала 0.1841 → режим M
  2025Q4 X5   EV  1059.4  LTM 3.88×  NTM nan×  КС квартала 0.1659 → режим M
  2026Q1 X5   EV   923.1  LTM 3.23×  NTM nan×  КС квартала 0.1571 → режим M
  2026Q2 X5   EV   922.8  LTM 3.22×  NTM nan×  КС квартала 0.1462 → режим M
  режимы по средней ключевой квартала — как у миров: N (≤ 8,5 %; мир N: 8 % в долгую), H (8,5–14 %; мир H: 14 → 10,5 %), M (≥ 14 %; мир M: 14 → 17,5 %)
  режим N: кварталов 17; LTM 2.55–7.08×; вперёд (NTM) 2.44–6.43×, среднее 4.68×
  режим H: кварталов 3; LTM 2.55–4.00×; вперёд (NTM) 2.54–3.58×, среднее 3.04×
  режим M: кварталов 8; LTM 3.22–5.19×; вперёд (NTM) 3.06–4.32×, среднее 3.78×
  вся история NTM: 2.44–6.43×; аналоги LTM 1П2026 (X4 §3): Магнит 3,50×, Лента 3,79× (pro forma 3,4–3,5×), Fix Price 2,00×; X5 на 25.09.2026 — 2,84× (2,63× без дивиденда июля)
  КНИГА checks.ev_ebitda = {'N': [1.5, 8.0], 'H': [1.5, 7.0], 'M': [1.5, 5.5]}: низ 1.5× во всех мирах — ниже минимума истории X5 (2.44× NTM, 2022 г.) и Fix Price (2,0×), у порога нулевого капитала при нынешнем долге (D ≈ 420 / EBITDA ≈ 330 млрд ₽ ≈ 1,3×); верх — 1,25 × максимум NTM своего режима ставок (N, M), у H — интерполяция по узлу LT кривой; округление до 0,5×

2. Маржа скорр. EBITDA до МСФО 16 по полугодиям (margin_range)
--------------------------------------------------------------
  X5 2011H1–2026H1: минимум 0.0570 (2026H1), максимум 0.0845 (2017H1); аналоги 2025: Магнит 0.0482, Лента 0.0758
  КНИГА checks.margin_range = [0.045, 0.09]: низ — ниже самого слабого федерального аналога (Магнит 2025 г. 4.82%) и на 1,2 п.п. ниже минимума X5; верх — выше исторического максимума X5 (8.45%)

3. Capex / выручка по годам (capex_range)
-----------------------------------------
  2011: 0.0527
  2012: 0.0478
  2013: 0.0394
  2014: 0.0459
  2015: 0.0671
  2016: 0.0689
  2017: 0.0632
  2018: 0.0514
  2019: 0.0424
  2020: 0.0432
  2021: 0.0423
  2022: 0.0288
  2023: 0.0376
  2024: 0.0406
  2025: 0.0464
  1П2026: 0.0374; D&A до МСФО 16 без обесценения — 2,32 % выручки 2025 г. (лист capex-wc-tax); прогноз компании на 2026 г. — 4,5–4,7 %
  КНИГА checks.capex_range = [0.02, 0.075]: низ — ниже D&A (2,32 %) и минимума истории (2.88%, 2022): год с таким capex — проедание основных средств; верх — выше пика экспансии (6.89%, 2016)

4. Доля PV терминала в EV (terminal_share)
------------------------------------------
  мир N: r 0.1234, рост ≈ π_LT 0.0400 → доля терминала у ровного потока ((1+g)/(1+r))^10.27 = 0.453
  мир H: r 0.1604, рост ≈ π_LT 0.0550 → доля терминала у ровного потока ((1+g)/(1+r))^10.27 = 0.376
  мир M: r 0.2004, рост ≈ π_LT 0.0980 → доля терминала у ровного потока ((1+g)/(1+r))^10.27 = 0.400
  ровный поток: 0.376–0.453; ± 0,2 на форму пути (стресс сжимает явный поток, полный возврат — растягивает) → 0.18–0.65 → КНИГА checks.terminal_share = [0.15, 0.65]

5. Реальная ставка терминала r(LT) − π_LT (real_rate)
-----------------------------------------------------
  мир N: безрисковая реальная 0.0500; с премией книги 0.0834; по концам полосы β, ERP (и инфляции M) 0.0721–0.0988
  мир H: безрисковая реальная 0.0720; с премией книги 0.1054; по концам полосы β, ERP (и инфляции M) 0.0941–0.1208
  мир M: безрисковая реальная 0.0690; с премией книги 0.1024; по концам полосы β, ERP (и инфляции M) 0.0861–0.1208
  у Магнита — (0.02, 0.13) (model/checks.py): общая макро-основа, премия X5 ниже на 0,56 п.п. → КНИГА checks.real_rate = [0.02, 0.13]: гейт ловит рассогласованный мир (кривая LT ниже инфляции или выше неё на 13 п.п.), а не суждения X5

6. Остальные коридоры
---------------------
  max_leverage = 4.0: ковенант 4.0× (история — до 3.7148×) — leverage.py
  min_v0_to_d = 1.5: при V0/D 1,5 кредитный пут слоя (σ_EV книги) на сроке долга 1,24 года — 2.6 ₽ на акцию (меньше полушага печати 25 ₽), на 3 года — 24.4 ₽; полшага печати пут достигает на сроке 3.04 года — model_check.py
  book_update = {shift_bp: 50, max_age_days: 45}: правило справочника книги Магнита (ASSUMPTIONS-BOOK.md §17: сдвиг ≥50 б.п. на узлах 5–10 лет или книга старше 45 дней) — миры общие, правило общее

7. Массы гейтов на книге (клетки model_check_out.json, слой «свой взгляд»)
--------------------------------------------------------------------------
  ev_ebitda       масса 0.0691  ['N|stress|high', 'N|full|low', 'H|stress|high', 'M|partial|low', 'M|full|low', 'M|full|base']
  margin_range    масса 0.0000  []
  capex_range     масса 0.0000  []
  terminal_share  масса 0.0000  []
  real_rate       масса 0.0000  []
  leverage_path   масса 0.0000  []
  equity_cushion  масса 0.0000  []
