
1. ЧД / EBITDA до МСФО 16 на конец года (databook X5, лист Debt, строки 11–12)
------------------------------------------------------------------------------
  2011: 3.13×
  2012: 3.15×
  2013: 2.68×
  2014: 2.30×
  2015: 2.45×
  2016: 1.81×
  2017: 1.73×
  2018: 1.70×
  2019: 1.71×
  2020: 1.66×
  2021: 1.66×
  2022: 1.03×
  2023: 0.89×
  2024: 0.88×
  2025: 0.84×
  2017–2021 (дивиденды ГДР, прежняя политика): среднее 1.69×; 2011–2016 (экспансия): 1.81–3.15×; 2022–2024 (касса копилась, дивидендов нет): 1.03 / 0.89 / 0.88×

2. Кварталы эпохи нынешней политики (с 20.03.2025) и до неё
-----------------------------------------------------------
  2021-12-31: 1.66×  (ЧД 268.5)
  2022-12-31: 1.03×  (ЧД 192.9)
  2023-12-31: 0.89×  (ЧД 190.8)
  2024-06-30: 0.70×  (ЧД 169.9)
  2024-09-30: 0.78×  (ЧД 197.1)
  2024-12-31: 0.88×  (ЧД 220.8)
  2025-03-31: 1.11×  (ЧД 273.7)
  2025-06-30: 1.05×  (ЧД 258.4)
  2025-09-30: 1.04×  (ЧД 256.8)
  2025-12-31: 0.84×  (ЧД 228.5)
  2026-03-31: 1.17×  (ЧД 335.5)
  2026-06-30: 1.08×  (ЧД 310.6)
  кварталы 03.2025–06.2026: 0.84–1.17×, среднее 1.05×
  кварталы 2011–2022 (старый databook): максимум 3.71× (Q2 2011)

3. Политика и прогноз компании
------------------------------
  дивидендная политика: свободный денежный поток при целевом чистый долг / EBITDA до МСФО 16 = 1,2–1,4х на конец года, в котором планируется выплата; при текущем или прогнозном показателе выше 2,0х дивиденды не выплачиваются (x5-ar25.pdf, с. 224 (раздел «Дивиденды»); x5-investor-presentation_rus.pdf, с. 27; x5_q4_2024_financial_results_rus.pdf, с. 2); утверждена: Наблюдательный совет 20.03.2025, на четыре года
  прогноз 2026: «Чистый долг / EBITDA 1,2–1,4х» (q4-2025-financial-results-webcast.pdf, слайд 20 «Финансовые цели 2026»); после дивиденда за 9М 2025 — 1,17× (там же, слайд 19)
  стартовый долг модели (ЧД + объявленные дивиденды к выплате) 371.072; отчётная EBITDA до МСФО 16 LTM 2К2026 287.0 (databook, EBITDA стр. 22) → 1.293× — компания уже у середины политики
  КНИГА target_leverage = 1.3 (середина политики 1,2–1,4× и прогноза 2026); ось полосы 1.0–1.6: низ — среднее кварталов нынешней политики (1.05×, компания пока держит меньше цели), верх — симметрично +0,3 (прежний режим 2017–2021 — 1.69×, предел выплат политики 2,0×)

4. С какого полугодия модель платит дивиденды (MODEL §4.9: div(p) — выплата в полугодии p)
------------------------------------------------------------------------------------------
  реестр: FY2025-final: 60.265 млрд, отсечка 2026-07-07, статус declared
  реестр: unclaimed-old: 0.16 млрд, отсечка 2026-01-06, статус paid
  цикл 2025–2026: за 9М 2025 — рекомендация 13.11.2025, ВОСА 18.12.2025, реестр 06.01.2026, выплата до 23.01/13.02.2026 (1П); финал 2025 — ГОСА 26.06.2026, реестр 07.07.2026, выплата до 21.07/11.08.2026 (2П)
  финал 2025 (60,425 с невостребованными) уже в стартовом долге модели (ND якоря = ЧД + дивиденды к выплате); новых решений на 28.09.2026 нет; следующая выплата при повторе цикла — за 9М 2026 в январе 2027 г.
  КНИГА dividends_from = "2027H1": во 2П2026 новых выплат нет; дальше — по полугодию (январь — за 9 мес., июль — финал), как по политике «дважды в год»

5. Предел рычага пути (гейт leverage_path)
------------------------------------------
  ковенант: ЧД / EBITDA до МСФО 16 ≤ 4.00× (МСФО 1П2026 прим. 16, с. 21 (4,25х два квартала после приобретения)); исторический максимум кварталов 3.71× (2К2011)
  КНИГА checks.max_leverage = 4.0: путь выше ковенанта без реструктуризации невозможен
