
Книга прогона
-------------
  assumptions.yaml (версия 1.1.2 от 2026-09-29)
  схема: книга читается (validate_book без замечаний)

Слои книги (факты data/facts: NWC -163.156 млрд ₽ — определение A-W1)
---------------------------------------------------------------------
  analytical      V0   1259.7  D  420.4  капитал   839.3  цена  3180.9 ₽  V0/D 3.00  капитал/EV 0.666  щит  100.2  доля терм. 0.474
  market_implied  V0   1262.0  D  419.9  капитал   842.2  цена  3191.4 ₽  V0/D 3.01  капитал/EV 0.667  щит  117.3  доля терм. 0.455
  macro_neutral   V0   1285.8  D  419.5  капитал   866.3  цена  3278.5 ₽  V0/D 3.07  капитал/EV 0.674  щит  129.2  доля терм. 0.448
  точка 3229.7 ₽ (низ 3278.5, верх 3180.9); V0 точки 1273.2 против V* 879.4; 1 % EV = 45.9 ₽

Налоговый щит в V0 слоя «свой взгляд» (APV, MODEL §5–6)
-------------------------------------------------------
  щит явного участка 100.2 + щит терминала 71.5 = 171.7 млрд ₽ = 0.136 V0 (620 ₽ на акцию)

Кредитный пут слоя: нужен ли колл Мертона
-----------------------------------------
  analytical      σ_E 0.266 × E/V 0.666 = σ_EV 0.1770, T 1.24: пут 3.14e-07 млрд ₽ = 0.0000 ₽ на акцию
  analytical      σ_E 0.266 × E/V 0.666 = σ_EV 0.1770, T 3.00: пут 9.40e-03 млрд ₽ = 0.0339 ₽ на акцию
  analytical      σ_E 0.400 × E/V 0.666 = σ_EV 0.2665, T 3.00: пут 9.57e-01 млрд ₽ = 3.4533 ₽ на акцию
  market_implied  σ_E 0.266 × E/V 0.667 = σ_EV 0.1773, T 1.24: пут 3.01e-07 млрд ₽ = 0.0000 ₽ на акцию
  market_implied  σ_E 0.266 × E/V 0.667 = σ_EV 0.1773, T 3.00: пут 9.24e-03 млрд ₽ = 0.0334 ₽ на акцию
  market_implied  σ_E 0.400 × E/V 0.667 = σ_EV 0.2669, T 3.00: пут 9.50e-01 млрд ₽ = 3.4274 ₽ на акцию
  macro_neutral   σ_E 0.266 × E/V 0.674 = σ_EV 0.1790, T 1.24: пут 2.36e-07 млрд ₽ = 0.0000 ₽ на акцию
  macro_neutral   σ_E 0.266 × E/V 0.674 = σ_EV 0.1790, T 3.00: пут 8.38e-03 млрд ₽ = 0.0302 ₽ на акцию
  macro_neutral   σ_E 0.400 × E/V 0.674 = σ_EV 0.2695, T 3.00: пут 9.13e-01 млрд ₽ = 3.2954 ₽ на акцию
  рынок: V* = 879.4 (ядро, с выручкой от продажи пакета 42.2), D 420.4, V*/D 2.09; E/V* 0.522 → σ_EV 0.1387; пут 1.60e-05 млрд ₽
  при фиксированной σ_EV слоя «свой взгляд» (0.1770) — пут на акцию при V0/D = 1,5 и V0/D, где пут достигает 1 ₽ и 25 ₽ (полшага печати):
    T 1.24: при V0/D 1,5 — 2.66 ₽; 1 ₽ — при V0/D 1.608; 25 ₽ — при V0/D 1.230
    T 3.00: при V0/D 1,5 — 24.53 ₽; 1 ₽ — при V0/D 2.220; 25 ₽ — при V0/D 1.496
    при V0/D 1,5 пут достигает 25 ₽ на сроке 3.03 года (срок долга X5 — 1,24 года до оферт облигаций)

Показатели гейтов по клеткам (слой «свой взгляд»)
-------------------------------------------------
  N|stress|low       P 0.0436  EV  1116.5  EV/EBITDA  3.55  терм 0.427  маржа 0.0520…0.0611  capex 0.0281…0.0365  рычаг 1.30  реал. 0.0834  цена   2684.2
  N|stress|base      P 0.0799  EV   843.7  EV/EBITDA  2.68  терм 0.427  маржа 0.0520…0.0611  capex 0.0331…0.0390  рычаг 1.30  реал. 0.0834  цена   1678.9
  N|stress|high      P 0.0218  EV   469.9  EV/EBITDA  1.49  терм 0.424  маржа 0.0520…0.0611  capex 0.0399…0.0446  рычаг 1.35  реал. 0.0834  цена    301.8
  N|floor|low        P 0.0214  EV  1911.2  EV/EBITDA  5.80  терм 0.536  маржа 0.0604…0.0621  capex 0.0268…0.0376  рычаг 1.30  реал. 0.0834  цена   5547.7
  N|floor|base       P 0.0640  EV  1598.3  EV/EBITDA  4.85  терм 0.553  маржа 0.0604…0.0621  capex 0.0315…0.0416  рычаг 1.30  реал. 0.0834  цена   4397.9
  N|floor|high       P 0.0214  EV  1168.9  EV/EBITDA  3.55  терм 0.590  маржа 0.0604…0.0621  capex 0.0381…0.0480  рычаг 1.31  реал. 0.0834  цена   2820.0
  N|partial|low      P 0.0161  EV  2156.0  EV/EBITDA  6.46  терм 0.538  маржа 0.0615…0.0660  capex 0.0268…0.0376  рычаг 1.30  реал. 0.0834  цена   6432.7
  N|partial|base     P 0.0483  EV  1843.2  EV/EBITDA  5.52  терм 0.553  маржа 0.0615…0.0660  capex 0.0315…0.0416  рычаг 1.30  реал. 0.0834  цена   5282.8
  N|partial|high     P 0.0161  EV  1413.7  EV/EBITDA  4.24  терм 0.584  маржа 0.0615…0.0660  capex 0.0381…0.0480  рычаг 1.30  реал. 0.0834  цена   3704.8
  N|full|low         P 0.0026  EV  2873.2  EV/EBITDA  8.37  терм 0.575  маржа 0.0629…0.0715  capex 0.0255…0.0375  рычаг 1.30  реал. 0.0834  цена   9026.2
  N|full|base        P 0.0105  EV  2548.5  EV/EBITDA  7.43  терм 0.589  маржа 0.0629…0.0715  capex 0.0300…0.0411  рычаг 1.30  реал. 0.0834  цена   7833.2
  N|full|high        P 0.0044  EV  2102.7  EV/EBITDA  6.13  терм 0.615  маржа 0.0629…0.0715  capex 0.0362…0.0474  рычаг 1.30  реал. 0.0834  цена   6196.0
  H|stress|low       P 0.0560  EV   976.9  EV/EBITDA  3.09  терм 0.363  маржа 0.0520…0.0611  capex 0.0281…0.0365  рычаг 1.30  реал. 0.1054  цена   2180.4
  H|stress|base      P 0.1027  EV   746.5  EV/EBITDA  2.36  терм 0.365  маржа 0.0520…0.0611  capex 0.0331…0.0389  рычаг 1.30  реал. 0.1054  цена   1328.1
  H|stress|high      P 0.0280  EV   431.3  EV/EBITDA  1.37  терм 0.372  маржа 0.0520…0.0611  capex 0.0399…0.0446  рычаг 1.36  реал. 0.1054  цена    162.5
  H|floor|low        P 0.0275  EV  1563.2  EV/EBITDA  4.73  терм 0.448  маржа 0.0604…0.0621  capex 0.0267…0.0369  рычаг 1.30  реал. 0.1054  цена   4297.8
  H|floor|base       P 0.0824  EV  1310.9  EV/EBITDA  3.97  терм 0.462  маржа 0.0604…0.0621  capex 0.0314…0.0403  рычаг 1.30  реал. 0.1054  цена   3366.5
  H|floor|high       P 0.0275  EV   964.7  EV/EBITDA  2.92  терм 0.495  маржа 0.0604…0.0621  capex 0.0379…0.0467  рычаг 1.30  реал. 0.1054  цена   2089.0
  H|partial|low      P 0.0207  EV  1752.7  EV/EBITDA  5.24  терм 0.451  маржа 0.0615…0.0660  capex 0.0267…0.0369  рычаг 1.30  реал. 0.1054  цена   4983.3
  H|partial|base     P 0.0621  EV  1500.5  EV/EBITDA  4.49  терм 0.464  маржа 0.0615…0.0660  capex 0.0314…0.0403  рычаг 1.30  реал. 0.1054  цена   4052.0
  H|partial|high     P 0.0207  EV  1154.3  EV/EBITDA  3.45  терм 0.492  маржа 0.0615…0.0660  capex 0.0379…0.0467  рычаг 1.30  реал. 0.1054  цена   2774.4
  H|full|low         P 0.0034  EV  2262.9  EV/EBITDA  6.58  терм 0.484  маржа 0.0629…0.0715  capex 0.0254…0.0368  рычаг 1.30  реал. 0.1054  цена   6829.6
  H|full|base        P 0.0135  EV  2002.7  EV/EBITDA  5.82  терм 0.498  маржа 0.0629…0.0715  capex 0.0299…0.0398  рычаг 1.30  реал. 0.1054  цена   5869.6
  H|full|high        P 0.0056  EV  1645.6  EV/EBITDA  4.79  терм 0.523  маржа 0.0629…0.0715  capex 0.0361…0.0461  рычаг 1.30  реал. 0.1054  цена   4552.6
  M|stress|low       P 0.0249  EV  1090.5  EV/EBITDA  3.46  терм 0.389  маржа 0.0520…0.0611  capex 0.0284…0.0365  рычаг 1.30  реал. 0.1024  цена   2589.9
  M|stress|base      P 0.0457  EV   833.0  EV/EBITDA  2.64  терм 0.389  маржа 0.0520…0.0611  capex 0.0334…0.0389  рычаг 1.31  реал. 0.1024  цена   1639.8
  M|stress|high      P 0.0125  EV   480.7  EV/EBITDA  1.53  терм 0.385  маржа 0.0520…0.0611  capex 0.0403…0.0446  рычаг 1.36  реал. 0.1024  цена    340.3
  M|floor|low        P 0.0122  EV  1735.9  EV/EBITDA  5.28  терм 0.454  маржа 0.0604…0.0621  capex 0.0268…0.0363  рычаг 1.30  реал. 0.1024  цена   4925.7
  M|floor|base       P 0.0366  EV  1469.5  EV/EBITDA  4.47  терм 0.463  маржа 0.0604…0.0621  capex 0.0315…0.0387  рычаг 1.30  реал. 0.1024  цена   3943.8
  M|floor|high       P 0.0122  EV  1104.0  EV/EBITDA  3.36  терм 0.483  маржа 0.0604…0.0621  capex 0.0380…0.0439  рычаг 1.30  реал. 0.1024  цена   2596.5
  M|partial|low      P 0.0092  EV  1937.0  EV/EBITDA  5.82  терм 0.459  маржа 0.0615…0.0660  capex 0.0268…0.0363  рычаг 1.30  реал. 0.1024  цена   5652.9
  M|partial|base     P 0.0276  EV  1670.7  EV/EBITDA  5.02  терм 0.468  маржа 0.0615…0.0660  capex 0.0315…0.0387  рычаг 1.30  реал. 0.1024  цена   4671.0
  M|partial|high     P 0.0092  EV  1305.2  EV/EBITDA  3.92  терм 0.486  маржа 0.0615…0.0660  capex 0.0380…0.0439  рычаг 1.30  реал. 0.1024  цена   3323.7
  M|full|low         P 0.0015  EV  2491.5  EV/EBITDA  7.29  терм 0.496  маржа 0.0629…0.0715  capex 0.0255…0.0362  рычаг 1.30  реал. 0.1024  цена   7659.1
  M|full|base        P 0.0060  EV  2216.4  EV/EBITDA  6.48  терм 0.506  маржа 0.0629…0.0715  capex 0.0300…0.0386  рычаг 1.30  реал. 0.1024  цена   6645.5
  M|full|high        P 0.0025  EV  1838.9  EV/EBITDA  5.38  терм 0.526  маржа 0.0629…0.0715  capex 0.0363…0.0433  рычаг 1.30  реал. 0.1024  цена   5254.9
  гейт ev_ebitda      : нарушений  6, масса 0.0691 — [('N|stress|high', '1.49×'), ('N|full|low', '8.37×'), ('H|stress|high', '1.37×'), ('M|partial|low', '5.82×')]
  гейт margin_range   : нарушений  0, масса 0.0000
  гейт capex_range    : нарушений  0, масса 0.0000
  гейт terminal_share : нарушений  0, масса 0.0000
  гейт real_rate      : нарушений  0, масса 0.0000
  гейт leverage_path  : нарушений  0, масса 0.0000
  гейт equity_cushion : нарушений  0, масса 0.0000

Цена ошибки суждений области: точка при концах диапазона (остальное — книга)
----------------------------------------------------------------------------
  β_u                                                            0.45 →   3689.0 ₽ (+459.3) |                         0.75 →   2845.8 ₽ (-383.9) | размах  843.2
  ERP                                                           0.049 →   3440.0 ₽ (+210.3) |                        0.065 →   2966.1 ₽ (-263.6) | размах  473.8
  Дисконт за управление                                           0.0 →   3295.6 ₽ ( +65.9) |                         0.05 →   3130.8 ₽ ( -98.9) | размах  164.8
  Целевой рычаг                                                   1.0 →   3111.0 ₽ (-118.7) |                          1.6 →   3353.5 ₽ (+123.8) | размах  242.5
  Спред плавающего долга, base                                   0.01 →   3218.4 ₽ ( -11.3) |                        0.014 →   3241.0 ₽ ( +11.3) | размах   22.7
  Спред плавающего, base и stress вместе                       -0.002 →   3225.8 ₽ (  -3.9) |                        0.002 →   3233.6 ₽ (  +3.9) | размах    7.9
  Спред фикса, base                                             0.008 →   3210.5 ₽ ( -19.2) |                        0.014 →   3248.9 ₽ ( +19.2) | размах   38.4
  Спред фикса, base и stress вместе                            -0.003 →   3222.6 ₽ (  -7.1) |                        0.003 →   3236.8 ₽ (  +7.1) | размах   14.1
  Издержки размещения                                             0.0 →   3241.8 ₽ ( +12.1) |                       0.0015 →   3221.6 ₽ (  -8.1) | размах   20.2
  Доля фикса (сдвиг)                                             -0.1 →   3231.9 ₽ (  +2.2) |                          0.1 →   3227.5 ₽ (  -2.2) | размах    4.4
  Купон «старого» фикса                                         0.145 →   3229.4 ₽ (  -0.3) |                        0.155 →   3230.0 ₽ (  +0.3) | размах    0.5
  Доходность кассы k                                              0.8 →   3219.8 ₽ (  -9.9) |                         1.05 →   3244.4 ₽ ( +14.7) | размах   24.7
  Подушка кассы                                                   0.0 →   3238.8 ₽ (  +9.1) |                       0.0145 →   3209.6 ₽ ( -20.1) | размах   29.2
  Веса миров                             {'N': 0.25, 'H': 0.5, 'M': 0.25} →   3200.1 ₽ ( -29.6) | {'N': 0.4, 'H': 0.45, 'M': 0.15} →   3238.4 ₽ (  +8.7) | размах   38.3
  Инфляция мира M                                              -0.003 →   3145.0 ₽ ( -84.7) |                        0.005 →   3383.0 ₽ (+153.3) | размах  238.0
  пиковые спреды stress (КС + 2,00; G + 2,60)  →   3173.4 ₽ (-56.3 к точке 3229.7)
  LTI в мосте                                  →   3201.2 ₽ (-28.5 к точке 3229.7)
  выплаты с 2026H2                             →   3231.8 ₽ (+2.1 к точке 3229.7)
  мир M с кредитом base                        →   3263.5 ₽ (+33.8 к точке 3229.7)

Обратный поиск для точки (проверка отрезков search обратного DCF; печатаемый — для медианы, MODEL §11)
------------------------------------------------------------------------------------------------------
  β_u: 1.3329 (точка = 1808.5 ₽)
  ERP: 0.1237 (точка = 1808.5 ₽)
  Дисконт за управление: 0.4513 (точка = 1808.5 ₽)
