
1. Доля фиксированного долга
----------------------------
  2023-12-31: фикс 74%  (МСФО 2024, прим. «Процентный риск» (на 31.12.2023: 26 %))
  2024-12-31: фикс 44%  (МСФО 2024, прим. «Процентный риск»)
  2025-06-30: фикс 64%  (МСФО 1П2025, «Рыночный риск – процентный риск»)
  2025-12-31: фикс 61%  (МСФО 2025 прим. 30, с. 50)
  2026-06-30: фикс 45%  (МСФО 1П2026 прим. 24, с. 24)
  среднее всех 5 дат 0.576; с начала политики (31.12.2024–30.06.2026) 0.535; политика: «>50 % заимствований по фиксированным ставкам» (презентация, слайд 27)
  30.06.2026: займы 434.709; плавающих 55 % = 239.09; облигации: плавающие 95.000, фикс 124.708; банки 215.414 → плавающие 144.09 (67%), фикс 71.32
  28.09.2026: облигации плавающие 124.500 (+29.5: 003P-20, 003P-21, −003P-04), фикс 124.708; банки после 30.06 не раскрыты → доля фикса 0.422 (банки те же) … 0.451 (размещения заменили плавающие кредиты)
  КНИГА fixed_share = {'2026H2': 0.44, '2027': 0.5, 'LT': 0.55, 'LT_from': 2028}: 2П2026 — середина двух прочтений 28.09; 2027 — середина пути к политике (оферты 2027 г. переоценивают 83.7 млрд фикса); с 2028 — 0,55 = среднее пяти дат (0.576) и «>50 %» политики

2. «Старый» фикс: купон и выход на оферты
-----------------------------------------
  облигации с фиксированным купоном (номинал 28.09.2026, купон, оферта):
    003P-10:  10.000  0.1995  2027-02-24
    003P-11:  15.000  0.1725  2027-03-17
    003P-15:  20.000  0.1450  2027-06-23
    003P-07:   1.708  0.1325  2027-07-19
    003P-13:  11.000  0.1410  2027-09-21
    003P-06:  26.000  0.1440  2027-11-19
    003P-12:  15.000  0.1555  2028-02-16
    003P-17:  15.000  0.1450  2028-03-29
    003P-18:  11.000  0.1350  2028-07-12
  банки с фиксом ≈71.32 (оценка п. 1): короткие 13.88 гасятся равномерно 07.2026–12.2027 («2026–2027»), длинные 57.45 — 01.2027–12.2028 («2027–2028»); график по траншам не раскрыт (прим. 15)
  2026H2: старый фикс облигации 124.71 + банки  69.01 = 193.72 из фикса 0.44 × 464.2 = 204.25 → ℓ = 0.948
  2027H1: старый фикс облигации 108.02 + банки  57.33 = 165.35 из фикса 0.50 × 464.2 = 232.10 → ℓ = 0.712
  2027H2: старый фикс облигации  65.99 + банки  38.37 = 104.36 из фикса 0.50 × 464.2 = 232.10 → ℓ = 0.450
  2028H1: старый фикс облигации  22.04 + банки  21.65 =  43.69 из фикса 0.55 × 464.2 = 255.31 → ℓ = 0.171
  2028H2: старый фикс облигации   0.66 + банки   7.27 =   7.93 из фикса 0.55 × 464.2 = 255.31 → ℓ = 0.031
  купон «старого» фикса облигаций, взвешенный по номиналу и времени до оферт: 0.1485 (простой средний на 28.09 — 0.1523); ставка фиксированных кредитов — из сверки п. 3

3. Сверка процентов 1П2026: что платят банки
--------------------------------------------
  проценты по займам 1П2026: 31.076 + капитализированные 2.085 − амортизация издержек 0.169 = 32.992 (МСФО 1П2026 прим. 15, 21)
  купоны облигаций по дням (фикс — купон, флоатер — КС дня + спред): 17.189; средний номинал 218.8
  банки: 31.12.2025 204.1, 31.03.2026 ≈188.8 (общий долг 406.659 − лизинг − облигации 216.7), 30.06.2026 215.4; среднее 199.3
  проценты банков 15.803 → средняя ставка 0.1599 при средней КС 1П2026 0.1516 (превышение +0.0083)
  если фиксированные кредиты стоят как фиксированные облигации (0.1523), то плавающие банки — КС + 0.0121; если же банки платят КС + спред облигаций, фикс банков = 0.1530
  «старый» фикс целиком (облигации 0.1485 и фиксированные кредиты 0.1530, веса — номинал × время до погашения): 0.1502 → КНИГА legacy_rate = 0.15

4. Спреды к ключевой (плавающий) и к ОФЗ (фикс)
-----------------------------------------------
  проверка формулы КБД на узлах ISS: 2024-12-26: 0.0000 п.п., 2025-02-28: 0.0000 п.п., 2025-11-26: 0.0000 п.п., 2026-09-25: 0.0000 п.п.
  плавающие выпуски: спред при размещении (КС на дату):
    003P-02 2023-11-02: КС + 0.0110 (КС 0.1500); в обращении 28.09 20.0
    003P-04 2024-03-12: КС + 0.0110 (КС 0.1600); в обращении 28.09 0.0
    003P-05 2024-06-07: КС + 0.0110 (КС 0.1600); в обращении 28.09 10.0
    003P-09 2025-02-10: КС + 0.0200 (КС 0.2100); в обращении 28.09 0.0
    003P-14 2025-09-24: КС + 0.0115 (КС 0.1700); в обращении 28.09 15.0
    003P-16 2026-02-05: КС + 0.0130 (КС 0.1600); в обращении 28.09 20.0
    003P-19 2026-04-22: КС + 0.0120 (КС 0.1500); в обращении 28.09 20.0
    003P-20 2026-07-21: КС + 0.0115 (КС 0.1425); в обращении 28.09 22.0
    003P-21 2026-09-14: КС + 0.0120 (КС 0.1400); в обращении 28.09 17.5
  взвешенный спред флоатеров 28.09: 0.0118; размещения с 09.2025 (КС 17 → 14 %): среднее 0.0120; при КС 21 % (пик 10.2024–06.2025): [0.02]; все размещения при КС ≥ 16 %: [0.011, 0.011, 0.0115, 0.013, 0.02] → среднее 0.0133; амортизация издержек 1П2026 × 2 на средний номинал одних облигаций — 0.0015 в год (мера книги 1.0; по МСФО издержки относятся ко всем займам — ставка issuance_cost ниже)
  фиксированные выпуски: G-спред при размещении = эффективная доходность по номиналу − КБД на дюрации
    003P-07 2024-12-26: купон 0.2285, до оферты 0.75 г., дюр. 0.70; доходн. 0.2540 − КБД 0.1799 = G +0.0741 (КС 0.2100)
    003P-08 2025-01-27: купон 0.2150, до оферты 1.08 г., дюр. 0.98; доходн. 0.2375 − КБД 0.1898 = G +0.0477 (КС 0.2100)
    003P-10 2025-02-28: купон 0.1995, до оферты 1.99 г., дюр. 1.67; доходн. 0.2188 − КБД 0.1823 = G +0.0364 (КС 0.2100)
    003P-11 2025-03-24: купон 0.1725, до оферты 1.98 г., дюр. 1.71; доходн. 0.1868 − КБД 0.1638 = G +0.0230 (КС 0.2100)
    003P-12 2025-06-26: купон 0.1555, до оферты 2.64 г., дюр. 2.20; доходн. 0.1671 − КБД 0.1484 = G +0.0187 (КС 0.2000)
    003P-13 2025-07-28: купон 0.1410, до оферты 2.15 г., дюр. 1.88; доходн. 0.1505 − КБД 0.1376 = G +0.0129 (КС 0.1800)
    003P-06 2025-11-26: купон 0.1440, до оферты 1.98 г., дюр. 1.75; доходн. 0.1539 − КБД 0.1444 = G +0.0095 (КС 0.1650)
    003P-15 2025-12-25: купон 0.1450, до оферты 1.49 г., дюр. 1.36; доходн. 0.1550 − КБД 0.1405 = G +0.0145 (КС 0.1600)
    003P-17 2026-02-03: купон 0.1450, до оферты 2.15 г., дюр. 1.87; доходн. 0.1550 − КБД 0.1457 = G +0.0094 (КС 0.1600)
    003P-18 2026-04-21: купон 0.1350, до оферты 2.23 г., дюр. 1.95; доходн. 0.1437 − КБД 0.1342 = G +0.0095 (КС 0.1500)
  G-спред при КС ≥ 20 % (пик 12.2024–06.2025), дюрация ≥ 1,5 года: [0.0364, 0.023, 0.0187] → среднее 0.0261 (хвост: мир M до КС 21 % не доходит)
  G-спред при КС ≥ 16 % (режим высоких ставок, как мир M), дюрация ≥ 1,5 года: [0.0364, 0.023, 0.0187, 0.0129, 0.0095, 0.0094] → среднее 0.0183
  G-спред при размещении с 07.2025 (КС 18 → 15 %): [0.0129, 0.0095, 0.0145, 0.0094, 0.0095] → среднее 0.0111, медиана 0.0095
  вторичный рынок 25.09.2026 (X4 §5): медиана 0.0111 (n 9), ликвидные (оборот ≥ 10 млн ₽) [0.0111, 0.0111]
  КНИГА spread_float (без издержек): base 0.012 = взвешенный спред 0.0118; stress 0.0135 = base + (среднее размещений при КС ≥ 16 % 0.0133 − 0.0118)
  КНИГА spread_fixed (без издержек): base 0.011 = медиана G-спредов (вторичка 25.09 и размещения с 07.2025, 0.0111); stress 0.018 = base + (режим КС ≥ 16 % 0.0183 − размещения с 07.2025 0.0111)
  издержки размещения: амортизация LTM (2П2025 0.162 + 1П2026 0.169) = 0.331 на средние займы LTM 376.5 = 0.00088 в год; деньгами 1П2026 (остаток 0.371 → 0.413 + амортизация) 0.211 × 2 / 420.1 = 0.00100 (с приростом долга)
  КНИГА issuance_cost = 0.0009 (к ставке новой части долга; старый фикс несёт свои издержки в прошлом)
  сверка со ставкой банков (п. 3): средняя ставка банков 1П2026 0.1599 против КС 0.1516 — банки не дороже облигаций; спред плавающего долга книги (0.012) не занижен

4b. Частота купона нового фикса: доходность → купон (MODEL §0, §4.9)
--------------------------------------------------------------------
  фиксированные выпуски реестра (выплат купона в год; номинал 28.09.2026):
    003P-03 2023-12-05:  4    0.000 (погашен 2026-06-05)
    003P-07 2024-12-26: 12    1.708
    003P-08 2025-01-27: 12    0.000 (погашен 2026-02-27)
    003P-10 2025-02-28: 12   10.000
    003P-11 2025-03-24: 12   15.000
    003P-12 2025-06-26: 12   15.000
    003P-13 2025-07-28: 12   11.000
    003P-06 2025-11-26: 12   26.000
    003P-15 2025-12-25: 12   20.000
    003P-17 2026-02-03: 12   15.000
    003P-18 2026-04-21: 12   11.000
  все выпуски реестра: {4: 1, 12: 10} (выплат в год: выпусков); в обращении 28.09: {12: 9}, номинал {12: 124.708}
  G-спред A-F1b — к эффективной доходности (par_bond: (1 + c/m)^m − 1). Облигация по номиналу с m купонами в год при эффективной доходности y платит купон cpn(y) = m((1 + y)^(1/m) − 1); за полугодие начисляется cpn/2. Пример: мир N, узел 3 года + base = 0.1265 → купон 0.1197, за полугодие 0.05985 (корень 0.06137, половина доходности 0.06325)
  КНИГА fixed_coupon_freq = 12: все 9 фиксированных выпусков в обращении (124.7 млрд) и все размещения с 12.2024 платят купон ежемесячно; квартальный — только погашенный 003P-03

5. Доходность кассы (подушки) в долях ключевой
----------------------------------------------
  1Q2024: касса средняя  156.7, операционная  35.4, доход  5.38 → доходность неоперационной 0.1775, КС 0.1600, k 1.109
  2Q2024: касса средняя  165.1, операционная  37.4, доход  5.25 → доходность неоперационной 0.1645, КС 0.1600, k 1.028
  3Q2024: касса средняя  179.4, операционная  39.3, доход  7.32 → доходность неоперационной 0.2089, КС 0.1755, k 1.191
  4Q2024: касса средняя  223.7, операционная  41.4, доход  9.65 → доходность неоперационной 0.2117, КС 0.2041, k 1.037
  1Q2025: касса средняя  250.4, операционная  43.4, доход 12.34 → доходность неоперационной 0.2385, КС 0.2100, k 1.136
  2Q2025: касса средняя  227.4, операционная  45.6, доход 10.71 → доходность неоперационной 0.2357, КС 0.2076, k 1.135
  3Q2025: касса средняя  140.6, операционная  47.5, доход  2.79 → доходность неоперационной 0.1200, КС 0.1841, k 0.652 (выплаты внутри квартала — не в счёт)
  4Q2025: касса средняя  122.4, операционная  49.2, доход  2.22 → доходность неоперационной 0.1211, КС 0.1659, k 0.730 (выплаты внутри квартала — не в счёт)
  1Q2026: касса средняя  124.8, операционная  50.5, доход  1.91 → доходность неоперационной 0.1027, КС 0.1571, k 0.654 (выплаты внутри квартала — не в счёт)
  2Q2026: касса средняя   98.3, операционная  51.7, доход  1.43 → доходность неоперационной 0.1224, КС 0.1462, k 0.837
  30.06.2026: Депозиты в рублях размещены по ставкам в диапазоне 14-15% годовых, депозиты в валюте — 0,1-2,5% (прим. 8); КС 14,25 % с 22.06, 14,50 % до того → рублёвые депозиты ≈ 1,0 × КС; валюта 25.4 млрд ₽ почти без дохода
  k по кварталам без выплат внутри квартала: [1.109, 1.028, 1.191, 1.037, 1.136, 1.135, 0.837] → среднее 1.068, медиана 1.109
  КНИГА cash_yield_k = 0.9: середина между k 2К2026 (0.84; единственный квартал нынешнего режима «подушка без излишка» без выплат внутри) и ставкой рублёвых депозитов (≈1,0 × КС); 2024–1П2025 (1.03–1.19) — другой режим: 150–260 млрд ₽ вкладов, размещённых на росте ставок выше ключевой

6. Ставка долга модели на 2П2026 при книжных значениях (MODEL §4.9)
-------------------------------------------------------------------
  мир N (base): КС 0.1390, новый фикс: доходность 0.1265 → купон 0.1197; фикс 0.1485, ставка долга (простая) 0.1504, начисление за полугодие 0.07521
  мир H (base): КС 0.1400, новый фикс: доходность 0.1553 → купон 0.1452; фикс 0.1498, ставка долга (простая) 0.1515, начисление за полугодие 0.07577
  мир M (stress): КС 0.1400, новый фикс: доходность 0.1728 → купон 0.1605; фикс 0.1506, ставка долга (простая) 0.1527, начисление за полугодие 0.07636
  факт: эффективная ставка по займам 1П2026 0.1654 при средней КС 0.1516; купон облигаций 28.09 ≈15,2 % при КС 14,00 % (X2 §3.4)
