
1. β_u X5: окна, метод Магнита (полная доходность к MCFTR, недели, Харрис — Пингл β_d 0,1)
------------------------------------------------------------------------------------------
  окно одной акции X5 2025-01-09–2026-09-25 (X4, 25.09.2026): β_E 0.683 (se NW 0.060, n 89, R² 0.41), D/V 0.294 → β_u 0.512; поправка Блюма (⅔β + ⅓) → β_E 0.787 → β_u 0.586
  лист беты книги Магнита 1.4 (до 2026-09-18), X5 2 года: β_E 0.683 (se 0.061), D/V 0.290 → β_u 0.514; 95 % 0.429–0.598
  лист беты книги Магнита 1.4 (до 2026-09-18), X5 3 года: β_E 0.789 (se 0.087), D/V 0.273 → β_u 0.601; 95 % 0.476–0.725
  лист беты книги Магнита 1.4 (до 2026-09-18), X5 5 лет: β_E 0.892 (se 0.080), D/V 0.304 → β_u 0.651; 95 % 0.542–0.760
  лист беты книги Магнита 1.4 (до 2026-09-18), X5 до 2022: β_E 0.614 (se 0.111), D/V 0.265 → β_u 0.478; 95 % 0.318–0.638
  аналоги (собственные β_u, тот же метод, D/V — по средним окна): MGNT 2 года 0.45; MGNT 3 года 0.57; MGNT 5 лет 0.66; LENT 2 года 0.30; LENT 3 года 0.38; LENT 5 лет 0.50
  книга Магнита 1.6: β_u 0,70 = β_u X5 3 года × поправка на операционный рычаг Магнита 1.158 (ВП/EBITDA 4,73 против 4,09); для X5 поправка = 1 (X5 — сама себе аналог)
  КНИГА beta_u = 0.6: окно 3 года — то же правило, что у книги Магнита (одна измерительная база двух панелей: 0,70 Магнита = 0.601 × 1.158); середина окон 2 / 3 / 5 лет (0.51 / 0.60 / 0.65)
  ДИАПАЗОН 0.45–0.75 (± 0,15, как у Магнита): низ — 95 % окна одной акции (0.43) и собственные β_u аналогов 0,30–0,57 (окна 2–3 года); верх — 95 % окна 3 года (0.73) и окно 5 лет (0.65)

2. ERP поверх ОФЗ и её диапазон
-------------------------------
  Damodaran (January 5, 2026; sha256 страницы ea30d57fc085…): Россия — дефолтный спред 0.0256, страновая премия 0.0390, ERP 0.0813; зрелая премия 0.0423 (США 0.0446 − 0.0023)
  центр книги Магнита и X5: ERP поверх ОФЗ = 0.0813 − 0.0256 = 0.0557 (дефолтный спред уже в доходности ОФЗ)
  верх Магнита — λ-конвенция при β 0,70: премия 0.0430 → ERP 0.0614 (книга Магнита: 4,30 п.п. / 0,70 = 6,14 → 6,2 %) — воспроизводится
  та же конвенция при β X5 0.6: премия 0.0388 → ERP 0.0646; β-подход: 0.0386 (не берётся — низ книги Магнита — реализованная премия)
  низ — реализованная премия акций над ОФЗ с 2003 г. +4,9 п.п. (книга Магнита 1.6, A-V2; evidence/book-1.5/book15_inputs.yaml, rows_3_12_erp) — свойство рынка, общее для двух панелей
  КНИГА erp = 0.0557; ось 0.049–0.065: верх — λ-конвенция книги Магнита при β X5 (перенос правила, а не числа: 6,2 % Магнита выведены при β 0,70; тот же страновой риск без масштаба β при β 0,60 даёт 6.46 %)
  премия β_u × ERP = 0.6 × 0.0557 = 0.0334 (Магнит — 0,70 × 5,57 % = 3,90 п.п.); по концам β: 0.0251–0.0418; обе оси — 0.0221–0.0488

3. Казначейский пакет и дисконт за управление (MODEL §7.2: цена = [(V0 − D) + n·k·P/1000]·(1 − g)·1000/(N + n))
---------------------------------------------------------------------------------------------------------------
  казначейский пакет n = 25.592 млн = 0.0942 выпущенных N + n = 271.573 млн; одобрено отчуждение в срок до 3 лет (НС 13.11.2025), погашение не объявлялось. Продажа n акций по P_s даёт акционеру (E + n·P_s)/(N + n) на акцию: размывание к стоимости акции V — n/(N + n)·(1 − P_s/V), то есть продажа нейтральна только по стоимости, а не по рынку. Пакет считается в формуле цены: P_s = k × рыночная цена, k — ниже
  факт 1П2026: продано 0.861 млн по 2334.5 ₽ (покупатель не раскрыт); VWAP 1П2026 2453.4, 1К 2517.0, 2К 2367.3 → дисконт 0.048 (0.014…0.072)
  выкуп пакета у X5 Retail Group N.V. (470-ФЗ): 26.452692 млн за 56.115 млрд = 2121 ₽ при VWAP 2К2025 3329 ₽ — ниже рынка (миноритариям не в убыток)
    продажа рынку / инвесторам (SPO, ускоренная книга, обменные облигации): вероятность 0.80 × цена 0.952 рынка = 0.7616
    оплата сделок M&A по рыночной цене: вероятность 0.10 × цена 1.000 рынка = 0.1000
    передача нераскрытому кругу с глубоким дисконтом: вероятность 0.10 × цена 0.500 рынка = 0.0500
  (а) КНИГА treasury_sale_price_k = Σ p·(1 − d) = 0.9116 → 0.9116: ожидаемая цена продажи пакета — 0.9116 × рыночной; в дисконт за управление навес больше не входит
  (б) ликвидность и листинг: X5 — 1-й уровень, вес в IMOEX 2.52 % (2026-09-25), оборот 1.86–2.47 млрд ₽/день; free float 29% (MOEX); Магнит — 3-й уровень, вне IMOEX (у него 3–5 %) → X5 0.005 (у свободной доли меньше трети — не ноль)
  (в) непрозрачность владельцев и утечки: не раскрываются (Указ № 73 от 27.01.2024; отчёт эмитента 6м2026 п. 3.2, с. 38); аудитор — с оговоркой: не получены доказательства по стороне с конечным контролем и связанным сторонам (ГО 2025, аудиторское заключение; X2 §1.5). Раскрытых сделок со связанными сторонами с убытком нет (у Магнита — заём связанной стороне с потерей 30 %, авансы 127 млрд) → 0.015 (нижняя половина «утечек» Магнита 1–3 %)
  (г) политика выплаты свободного денежного потока дважды в год (≈309 млрд ₽ за 07.2025–07.2026) — агентская стоимость удержанной кассы ≈ 0: у Магнита дивидендов за 2024–2025 нет
  СУММА 0.005 + 0.015 = 0.0200 → КНИГА governance_discount = 0.02
  ДИАПАЗОН 0–0.05: низ — X5 на уровне среднего эмитента рынка (общий страновой риск уже в ERP); верх — ликвидность 2 % + утечки 3 % (навес казначейского пакета — в формуле цены, не в дисконте)
  крайние судьбы пакета (в ожидании k, не ось): весь пакет за полцены рынка -68.7 ₽ на акцию, весь по рынку +14.8 ₽ при цене 1808.5 ₽

4. Шаг печати, полоса, обратный DCF
-----------------------------------
  шаг печати Магнита 50 ₽ при цене ≈1 560–1 640 ₽ (3,0–3,2 %); у X5 50 ₽ = 2.8% цены 1808.5 ₽; 1 % EV ≈ 33 ₽ на акцию (X2 §5) → КНИГА print_step = 50
  полоса: 2000 прогонов как у Магнита; зерно — дата книги X5 (у Магнита — 20260918, дата его книги) → КНИГА draws 2000, seed 20260928; обратный DCF — первые 200 прогонов (у Магнита median_draws 200)
