Параметры правила: σ 0.48 п.п., ρ -0.35, предел 10 п.п.; априорные stress 41.5, floor 30.5, partial 23.0, full 5.0 %
  сдвиги целей на 2026H2 от цели якоря (книга), п.п.: stress -0.090, floor +0.010, partial +0.050, full +0.110
  сдвиги целей на 2026H2 от цели якоря (быстрые), п.п.: stress -0.300, floor +0.030, partial +0.180, full +0.370

1. Один отчёт (книга): сдвиг вероятностей, п.п. (стресс / дно / частичный / полный), ΔE[m_LT] п.п.
  2019H1: факт  7.84 %, ожидание при уровне  7.26 → сюрприз +0.59 п.п.;  -8.9 /  +2.3 /  +4.6 /  +2.0;  ΔE +0.125
  2019H2: факт  6.88 %, ожидание при уровне  7.49 → сюрприз -0.49 п.п.;  +7.0 /  -2.0 /  -3.6 /  -1.4;  ΔE -0.098
  2020H1: факт  7.77 %, ожидание при уровне  7.29 → сюрприз +0.33 п.п.;  -5.2 /  +1.6 /  +2.7 /  +1.0;  ΔE +0.072
  2020H2: факт  7.01 %, ожидание при уровне  7.43 → сюрприз -0.30 п.п.;  +4.1 /  -1.0 /  -2.2 /  -0.9;  ΔE -0.058
  2021H1: факт  7.68 %, ожидание при уровне  7.31 → сюрприз +0.26 п.п.;  -4.2 /  +1.3 /  +2.1 /  +0.8;  ΔE +0.058
  2021H2: факт  7.24 %, ожидание при уровне  7.42 → сюрприз -0.09 п.п.;  +0.9 /  -0.0 /  -0.5 /  -0.4;  ΔE -0.015
  2022H1: факт  8.38 %, ожидание при уровне  7.38 → сюрприз +0.95 п.п.; -10.0 /  +1.6 /  +5.5 /  +2.9;  ΔE +0.149
  2022H2: факт  6.25 %, ожидание при уровне  7.76 → сюрприз -1.29 п.п.; +10.0 /  -2.9 /  -5.2 /  -1.9;  ΔE -0.137
  2023H1: факт  6.88 %, ожидание при уровне  7.24 → сюрприз -0.71 п.п.; +10.0 /  -3.0 /  -5.1 /  -1.9;  ΔE -0.137
  2023H2: факт  7.01 %, ожидание при уровне  6.96 → сюрприз +0.02 п.п.;  -0.7 /  +0.4 /  +0.3 /  -0.0;  ΔE +0.008
  2024H1: факт  6.98 %, ожидание при уровне  6.97 → сюрприз +0.03 п.п.;  -0.8 /  +0.5 /  +0.3 /  -0.0;  ΔE +0.009
  2024H2: факт  6.17 %, ожидание при уровне  6.98 → сюрприз -0.80 п.п.; +10.0 /  -3.0 /  -5.1 /  -1.9;  ΔE -0.137
  2025H1: факт  5.80 %, ожидание при уровне  6.65 → сюрприз -1.03 п.п.; +10.0 /  -2.9 /  -5.2 /  -1.9;  ΔE -0.137
  2025H2: факт  6.48 %, ожидание при уровне  6.24 → сюрприз +0.08 п.п.;  -1.6 /  +0.7 /  +0.7 /  +0.2;  ΔE +0.020
  2026H1: факт  5.70 %, ожидание при уровне  6.28 → сюрприз -0.51 п.п.;  +7.2 /  -2.1 /  -3.7 /  -1.5;  ΔE -0.100
  итог: наибольший сдвиг 10.0 п.п., средний наибольший 6.0 п.п., предел 10 п.п. достигался; sd ΔE[m_LT] 0.095 п.п.

1. Один отчёт (быстрые): сдвиг вероятностей, п.п. (стресс / дно / частичный / полный), ΔE[m_LT] п.п.
  2019H1: факт  7.84 %, ожидание при уровне  7.26 → сюрприз +0.59 п.п.; -10.0 /  +1.1 /  +5.0 /  +3.9;  ΔE +0.156
  2019H2: факт  6.88 %, ожидание при уровне  7.49 → сюрприз -0.49 п.п.; +10.0 /  -1.9 /  -5.7 /  -2.4;  ΔE -0.145
  2020H1: факт  7.77 %, ожидание при уровне  7.29 → сюрприз +0.33 п.п.; -10.0 /  +2.7 /  +5.8 /  +1.6;  ΔE +0.137
  2020H2: факт  7.01 %, ожидание при уровне  7.43 → сюрприз -0.30 п.п.; +10.0 /  -0.9 /  -6.3 /  -2.8;  ΔE -0.151
  2021H1: факт  7.68 %, ожидание при уровне  7.31 → сюрприз +0.26 п.п.; -10.0 /  +3.5 /  +5.4 /  +1.1;  ΔE +0.131
  2021H2: факт  7.24 %, ожидание при уровне  7.42 → сюрприз -0.09 п.п.;  +0.3 /  +2.7 /  -1.3 /  -1.6;  ΔE -0.025
  2022H1: факт  8.38 %, ожидание при уровне  7.38 → сюрприз +0.95 п.п.; -10.0 /  -1.8 /  +5.3 /  +6.6;  ΔE +0.184
  2022H2: факт  6.25 %, ожидание при уровне  7.76 → сюрприз -1.29 п.п.; +10.0 /  -3.4 /  -4.1 /  -2.6;  ΔE -0.139
  2023H1: факт  6.88 %, ожидание при уровне  7.24 → сюрприз -0.71 п.п.; +10.0 /  -3.5 /  -4.2 /  -2.2;  ΔE -0.136
  2023H2: факт  7.01 %, ожидание при уровне  6.96 → сюрприз +0.02 п.п.;  -5.1 /  +4.2 /  +1.6 /  -0.8;  ΔE +0.048
  2024H1: факт  6.98 %, ожидание при уровне  6.97 → сюрприз +0.03 п.п.;  -5.2 /  +4.2 /  +1.7 /  -0.7;  ΔE +0.050
  2024H2: факт  6.17 %, ожидание при уровне  6.98 → сюрприз -0.80 п.п.; +10.0 /  -3.5 /  -4.2 /  -2.3;  ΔE -0.137
  2025H1: факт  5.80 %, ожидание при уровне  6.65 → сюрприз -1.03 п.п.; +10.0 /  -3.4 /  -4.1 /  -2.5;  ΔE -0.138
  2025H2: факт  6.48 %, ожидание при уровне  6.24 → сюрприз +0.08 п.п.;  -7.8 /  +4.8 /  +3.2 /  -0.3;  ΔE +0.086
  2026H1: факт  5.70 %, ожидание при уровне  6.28 → сюрприз -0.51 п.п.; +10.0 /  -2.0 /  -5.6 /  -2.4;  ΔE -0.144
  итог: наибольший сдвиг 10.0 п.п., средний наибольший 8.7 п.п., предел 10 п.п. достигался; sd ΔE[m_LT] 0.128 п.п.

2. Подряд с якоря 2018H2 (книга): вероятности после каждого отчёта, %  (стресс / дно / частичный / полный), E[m_LT]
  уровень на якоре 7.26 %; цели LT режимов на этой шкале: stress 6.39, floor 7.34, partial 7.79, full 8.34
  2019H1:  7.84 % →  32.6 /  32.8 /  27.6 /   7.0   E[m_LT] книги 6.03 %
  2019H2:  6.88 % →  36.8 /  34.1 /  24.5 /   4.5   E[m_LT] книги 5.96 %
  2020H1:  7.77 % →  26.8 /  36.1 /  30.8 /   6.3   E[m_LT] книги 6.10 %  (предел)
  2020H2:  7.01 % →  23.1 /  44.9 /  29.1 /   2.8   E[m_LT] книги 6.09 %
  2021H1:  7.68 % →  13.1 /  47.9 /  36.2 /   2.9   E[m_LT] книги 6.22 %  (предел)
  2021H2:  7.24 % →   3.9 /  57.9 /  37.1 /   1.1   E[m_LT] книги 6.29 %  (предел)
  2022H1:  8.38 % →   0.1 /  47.9 /  46.4 /   5.5   E[m_LT] книги 6.41 %  (предел)
  2022H2:  6.25 % →   0.6 /  57.9 /  40.2 /   1.3   E[m_LT] книги 6.34 %  (предел)
  2023H1:  6.88 % →   3.7 /  66.0 /  30.2 /   0.1   E[m_LT] книги 6.25 %  (предел)
  2023H2:  7.01 % →   2.5 /  76.0 /  21.5 /   0.0   E[m_LT] книги 6.22 %  (предел)
  2024H1:  6.98 % →   1.3 /  86.0 /  12.7 /   0.0   E[m_LT] книги 6.20 %  (предел)
  2024H2:  6.17 % →  11.3 /  84.6 /   4.1 /   0.0   E[m_LT] книги 6.06 %  (предел)
  2025H1:  5.80 % →  21.3 /  78.4 /   0.3 /   0.0   E[m_LT] книги 5.95 %  (предел)
  2025H2:  6.48 % →  31.3 /  68.7 /   0.0 /   0.0   E[m_LT] книги 5.85 %  (предел)
  2026H1:  5.70 % →  41.3 /  58.7 /   0.0 /   0.0   E[m_LT] книги 5.76 %  (предел)

2. Подряд с якоря 2021H2 (книга): вероятности после каждого отчёта, %  (стресс / дно / частичный / полный), E[m_LT]
  уровень на якоре 7.38 %; цели LT режимов на этой шкале: stress 6.51, floor 7.46, partial 7.91, full 8.46
  2022H1:  8.38 % →  31.5 /  32.1 /  28.5 /   7.9   E[m_LT] книги 6.06 %  (предел)
  2022H2:  6.25 % →  41.5 /  30.0 /  24.2 /   4.2   E[m_LT] книги 5.91 %  (предел)
  2023H1:  6.88 % →  51.5 /  26.3 /  20.0 /   2.1   E[m_LT] книги 5.77 %  (предел)
  2023H2:  7.01 % →  61.5 /  22.3 /  15.2 /   1.0   E[m_LT] книги 5.64 %  (предел)
  2024H1:  6.98 % →  71.5 /  18.0 /  10.0 /   0.5   E[m_LT] книги 5.52 %  (предел)
  2024H2:  6.17 % →  81.5 /  13.3 /   4.9 /   0.2   E[m_LT] книги 5.40 %  (предел)
  2025H1:  5.80 % →  91.5 /   6.8 /   1.6 /   0.1   E[m_LT] книги 5.29 %  (предел)
  2025H2:  6.48 % → 100.0 /   0.0 /   0.0 /   0.0   E[m_LT] книги 5.20 %
  2026H1:  5.70 % → 100.0 /   0.0 /   0.0 /   0.0   E[m_LT] книги 5.20 %

2. Подряд с якоря 2018H2 (быстрые): вероятности после каждого отчёта, %  (стресс / дно / частичный / полный), E[m_LT]
  уровень на якоре 7.26 %; цели LT режимов на этой шкале: stress 6.39, floor 7.34, partial 7.79, full 8.34
  2019H1:  7.84 % →  31.5 /  31.6 /  28.0 /   8.9   E[m_LT] книги 6.07 %  (предел)
  2019H2:  6.88 % →  33.2 /  41.6 /  22.7 /   2.5   E[m_LT] книги 5.96 %  (предел)
  2020H1:  7.77 % →  23.2 /  45.8 /  28.4 /   2.6   E[m_LT] книги 6.08 %  (предел)
  2020H2:  7.01 % →  17.8 /  55.8 /  25.3 /   1.1   E[m_LT] книги 6.11 %  (предел)
  2021H1:  7.68 % →   7.8 /  61.5 /  30.3 /   0.4   E[m_LT] книги 6.22 %  (предел)
  2021H2:  7.24 % →   2.7 /  71.5 /  25.7 /   0.2   E[m_LT] книги 6.24 %  (предел)
  2022H1:  8.38 % →   0.2 /  63.4 /  35.7 /   0.7   E[m_LT] книги 6.32 %  (предел)
  2022H2:  6.25 % →   0.5 /  73.4 /  26.1 /   0.0   E[m_LT] книги 6.26 %  (предел)
  2023H1:  6.88 % →   2.3 /  81.6 /  16.1 /   0.0   E[m_LT] книги 6.20 %  (предел)
  2023H2:  7.01 % →   1.2 /  91.6 /   7.2 /   0.0   E[m_LT] книги 6.17 %  (предел)
  2024H1:  6.98 % →   0.4 /  98.8 /   0.8 /   0.0   E[m_LT] книги 6.15 %
  2024H2:  6.17 % →  10.4 /  89.6 /   0.0 /   0.0   E[m_LT] книги 6.05 %  (предел)
  2025H1:  5.80 % →  20.4 /  79.6 /   0.0 /   0.0   E[m_LT] книги 5.96 %  (предел)
  2025H2:  6.48 % →  30.4 /  69.6 /   0.0 /   0.0   E[m_LT] книги 5.86 %  (предел)
  2026H1:  5.70 % →  40.4 /  59.6 /   0.0 /   0.0   E[m_LT] книги 5.77 %  (предел)

2. Подряд с якоря 2021H2 (быстрые): вероятности после каждого отчёта, %  (стресс / дно / частичный / полный), E[m_LT]
  уровень на якоре 7.38 %; цели LT режимов на этой шкале: stress 6.51, floor 7.46, partial 7.91, full 8.46
  2022H1:  8.38 % →  31.5 /  28.7 /  28.3 /  11.6   E[m_LT] книги 6.09 %  (предел)
  2022H2:  6.25 % →  41.5 /  26.0 /  25.6 /   6.9   E[m_LT] книги 5.94 %  (предел)
  2023H1:  6.88 % →  51.5 /  22.7 /  22.2 /   3.5   E[m_LT] книги 5.80 %  (предел)
  2023H2:  7.01 % →  61.5 /  19.8 /  17.2 /   1.5   E[m_LT] книги 5.66 %  (предел)
  2024H1:  6.98 % →  71.5 /  16.7 /  11.3 /   0.5   E[m_LT] книги 5.53 %  (предел)
  2024H2:  6.17 % →  81.5 /  12.0 /   6.3 /   0.3   E[m_LT] книги 5.41 %  (предел)
  2025H1:  5.80 % →  91.5 /   6.0 /   2.4 /   0.1   E[m_LT] книги 5.29 %  (предел)
  2025H2:  6.48 % → 100.0 /   0.0 /   0.0 /   0.0   E[m_LT] книги 5.20 %
  2026H1:  5.70 % → 100.0 /   0.0 /   0.0 /   0.0   E[m_LT] книги 5.20 %

3. Отчёт 2П2026 по предсказательному распределению самой модели (Монте-Карло, 20 000):
  книга: средний наибольший сдвиг 4.97 п.п., P90 10.00; P(сдвиг ≥ 5 п.п.) 45.9 %; P(предел) 13.6 %; sd ΔE[m_LT] 0.083 п.п.
  быстрые: средний наибольший сдвиг 8.51 п.п., P90 10.00; P(сдвиг ≥ 5 п.п.) 83.6 %; P(предел) 67.6 %; sd ΔE[m_LT] 0.128 п.п.
  информационная граница: фильтр истории переносит в уровень долю 0.40 сюрприза (sd сюрприза 0.55 п.п.) — sd пересмотра уровня за отчёт 0.220 п.п.; у правила: книга 0.083, быстрые 0.128 п.п.

Записано: ap2u_out.json
