Якорь 2026H1: факт 5,698 %, цель на якоре T_a = уровень фильтра 6,072 % (± 0.23 п.п.) → книга 6,07 %; отклонение якоря -0.372 п.п.

Цели режимов, % (линейный сход к LT в 2031):
  ключ       stress    floor  partial     full        E  σ режимов  граница q√h     h
  2026H1       6.07     6.07     6.07     6.07    6.070      0.000        0.000   0.0
  2026H2       5.98     6.08     6.12     6.18    6.053      0.065        0.220   1.0
  2027         5.85     6.09     6.20     6.34    6.028      0.161        0.348   2.5
  2028         5.68     6.11     6.31     6.56    6.000      0.290        0.467   4.5
  2029         5.50     6.12     6.41     6.77    5.962      0.418        0.561   6.5
  2030         5.33     6.14     6.52     6.99    5.934      0.547        0.641   8.5
  LT           5.20     6.15     6.60     7.15    5.909      0.643        0.696  10.0

Ожидаемая маржа (Σ P·цель + ρ^k·отклонение якоря, ρ = -0.35):
  2026H2: цель 6.053 %, хвост +0.130 п.п. → 6.183 %
  2027H1: цель 6.028 %, хвост -0.046 п.п. → 5.983 %
  2027H2: цель 6.028 %, хвост +0.016 п.п. → 6.044 %
  2028H1: цель 6.000 %, хвост -0.006 п.п. → 5.994 %
  2028H2: цель 6.000 %, хвост +0.002 п.п. → 6.002 %
  2029H1: цель 5.962 %, хвост -0.001 п.п. → 5.961 %
  2029H2: цель 5.962 %, хвост +0.000 п.п. → 5.962 %
  2030H1: цель 5.934 %, хвост -0.000 п.п. → 5.934 %
  2030H2: цель 5.934 %, хвост +0.000 п.п. → 5.934 %
  2031H1: цель 5.909 %, хвост -0.000 п.п. → 5.909 %

2026 год: 1П факт 5,70 % при росте выручки 10.5 % г/г.
  рост 2П 10.5 %: ожидание года 5,949 %; для «6 %» 2П нужно 6,283 % (ожидание 2П 6,183 %)
  рост 2П 12.0 %: ожидание года 5,950 %; для «6 %» 2П нужно 6,279 % (ожидание 2П 6,183 %)
  рост 2П 13.4 %: ожидание года 5,952 %; для «6 %» 2П нужно 6,275 % (ожидание 2П 6,183 %)
  прошлые 2П: 2023 7,01, 2024 6,17, 2025 6,48 %

Ожидание 2027 6,013 %, 2028 5,998 % (Т-Инвестиции 10.06.2026: 5,8 % отчётной ≈ 6,0 % скорр. на 2027–2028; refclass_out проверка D)

Для сравнения — траектории по границе (w = min(1, q√h / σ_LT), σ_LT 0.64 п.п.): stress 2026H2 5.77, 2027 5.60; floor 2026H2 6.10, 2027 6.11; partial 2026H2 6.25, 2027 6.36; full 2026H2 6.44, 2027 6.65

Записано: paths_out.json
