Референс-класс (лист Магнита 1.5, правило B), n = 10:
  эпизод                           кл    пик    T0   m_T0  исход  потеря      f  Δ п.п.  режим
  Магнит 2014                       A  11.62  2018   7.24   6.33    4.38  -0.21   -0.91  стресс
  Лента 2015                        A  11.09  2019   8.13   6.90    2.95  -0.42   -1.23  стресс
  О'Кей 2013                        B   7.90  2017   5.30   4.90    2.60  -0.15   -0.40  стресс
  X5 2008                           B   9.00  2012   7.14   7.51    1.86  +0.20   +0.37  дно
  Tesco (UK&ROI) 2011               B   6.14  2015   1.07   3.12    5.07  +0.40   +2.05  частичный
  Morrisons 2012                    B   5.51  2016   2.10   2.08    3.41  -0.01   -0.02  дно
  Sainsbury's Supermarkets 1996     B   7.30  2000   4.10   2.60    3.20  -0.47   -1.50  стресс
  Woolworths (Australian Food) 2015  B   7.90  2019   4.60   4.95    3.30  +0.11   +0.35  дно
  Dia 2014                          C   8.40  2018   4.50   3.00    3.90  -0.38   -1.50  стресс
  Pick n Pay 2009                   B   3.40  2013   1.43   2.33    1.97  +0.46   +0.90  частичный
  стресс     5 эп.  доля  50.0 % (Уилсон 95 %: 24–76)  Лаплас ½  45.8 %  средний f -0.326  средний Δ -1.11 п.п.
  дно        3 эп.  доля  30.0 % (Уилсон 95 %: 11–60)  Лаплас ½  29.2 %  средний f 0.098  средний Δ 0.23 п.п.
  частичный  2 эп.  доля  20.0 % (Уилсон 95 %: 6–51)  Лаплас ½  20.8 %  средний f 0.432  средний Δ 1.48 п.п.
  полный     0 эп.  доля   0.0 % (Уилсон 95 %: 0–28)  Лаплас ½   4.2 %  средний f None  средний Δ None п.п.

X5 сейчас: пик 2021 7.46 %, T0 = LTM 2К2026 6.08 % (правило B, пик + 4 = 2025: 6.15 %), потеря 1.37 п.п. — порог класса 1,50 п.п. НЕ выполнен (глубина 1.31 на пик + 4)
Смесь форматов (X3 §2.4, класс C): 2025 6.13 %; структура стратегии-2028 -0.35 п.п.; реалистичная 2030 +0.17 п.п.; центр (среднее двух) -0.09 п.п.

Цели режимов LT (шкала f — метод Магнита; стресс — среднее шкал f и п.п.; + смесь):
  стресс     f -0.326 → шкала f 5.542 %, шкала п.п. 4.88 % → 5.212 % → книга 5.20 %
  дно        f +0.098 → шкала f 6.125 %, шкала п.п. 6.22 % → 6.125 % → книга 6.15 %
  частичный  f +0.432 → шкала f 6.583 %, шкала п.п. 7.47 % → 6.583 % → книга 6.60 %
  полный     f +0.842 → шкала f 7.146 %, шкала п.п. — % → 7.146 % → книга 7.15 %
  глубина стресса от LTM: -0.88 п.п. (книга Магнита: 4,0 − 4,83 = −0,83 п.п.)

Центр E[m_LT]:
  A. класс, шкала f: 6.08 + (-0.047) × 1.37 -0.09 = 5.925 % (se 0.137; бутстрэп 95 %: 5.66–6.20)
  B. класс, шкала п.п.: 6.08 + (-0.189) -0.09 = 5.801 % (se 0.344)
  корреляция A и B по тем же бутстрэп-выборкам 0.953 (одни эпизоды; Δ п.п. = f × потеря эпизода)
  центр A и B, веса обратно дисперсиям отдельных оценок (суждение; A 0.863, B 0.137): 5.908 % (se 0.164 с ковариацией — не точнее одной A; бутстрэп 95 %: 5.59–6.24, -0.31…+0.33 п.п. от центра)
  оговорка n = 10: бутстрэп занижает se среднего в √(n/(n−1)) раз; по s/√n — A 0.145, центр 0.174; t(9) 95 %: ±0.39 п.п. (5.51–6.30)
  проверка C. уровень фильтра на якоре без изменения + смесь: 5.980 %
  проверка D. Т-Инвестиции 10.06.2026: отчётная 2027–2028 5.8 % + LTI LTM 0.20 = 5.999 % (скорр., класс B)

Вероятности: Лаплас ½ даёт E = 5.850 %, частоты класса как есть — 5.765 %; наклон λ = +0.141:
  стресс     Лаплас ½  45.8 % → наклон 41.65 % → книга  41.5 %  × цель 5.20 %
  дно        Лаплас ½  29.2 % → наклон 30.30 % → книга  30.5 %  × цель 6.15 %
  частичный  Лаплас ½  20.8 % → наклон 23.07 % → книга  23.0 %  × цель 6.60 %
  полный     Лаплас ½   4.2 % → наклон  4.99 % → книга   5.0 %  × цель 7.15 %
  E[m_LT] книги 5.909 %, σ между режимами 0.643 п.п.

Предложение X3 (5,3/5,9/6,5/7,1 %; 25/40/30/5 %): E 5.990 %, σ 0.512; выше центра на +0.082 п.п. (+0.5 se центра); стресс 25 % против класса 50 % (Уилсон 24–76 %) — у нижнего края
Чувствительность: порог 1,25 п.п. (глубина X5) впускает Empire/Sobeys (падение 1,27; по правилу A f +0.98, «полный»): n = 11, E[f] +0.046 → 6.053 %
Подвыборка Россия (n = 4): режимы стресс, стресс, стресс, дно; E[f] -0.146 → 5.790 %
Аналоги 2025: Лента 7.58 % (выше цели «полный» 7.15); Магнит 4.82 % (ниже цели «стресс» 5.20); форматы X5 2024: «Пятёрочка» 8.8 %, «Перекрёсток» 6.7 %
История X5: плато 2018–2022 7.33 %, годовой минимум 2025 6.15 %, полугодовой минимум 2026H1 5.70 %

Ось A-C0 (сдвиг LT всех режимов): se оценки A 0.137, разброс оценок A–D 0.089, смесь форматов 0.107 → σ среднего 0.196 п.п.; с se центра 0.164 — 0.215, по s/√n (0.174) — 0.223; ось [-0.5; +0.4] п.п. по правилу MODEL §9 даёт σ 0.184, среднее -0.017
  σ оси — суждение (C), меньше проверок σ среднего; асимметрия вниз: хвосты вниз — регуляторный потолок наценок (вероятность 15 % за 5 лет, -0.6…-0.3 п.п.; A-G1 X3) и структура стратегии-2028 (-0.35); вверх — реалистичная смесь 2030 (+0.17) и класс с Empire (+0.14); бутстрэп центра 95 %: -0.31…+0.33 п.п. (одной оценки A: -0.25…+0.29) — внутри оси

Записано: refclass_out.json
