Полугодия, скорр. маржа до МСФО 16, %:
  2011H1 6.86   2011H2 7.24
  2012H1 7.09   2012H2 7.19
  2013H1 6.85   2013H2 7.47
  2014H1 7.16   2014H2 7.47
  2015H1 7.19   2015H2 7.48
  2016H1 7.57   2016H2 7.80
  2017H1 8.45   2017H2 6.94
  2018H1 7.04   2018H2 7.29
  2019H1 7.84   2019H2 6.88
  2020H1 7.77   2020H2 7.01
  2021H1 7.68   2021H2 7.24
  2022H1 8.38   2022H2 6.25
  2023H1 6.88   2023H2 7.01
  2024H1 6.98   2024H2 6.17
  2025H1 5.80   2025H2 6.48
  2026H1 5.70

1. Уровень (блуждание) + отклонение AR(1), максимум правдоподобия:
2011H1–2026H1, сезон 0                       n=31  ρ -0.35 (95 %: -0.80…+0.15)  σ 0.42 п.п.  q 0.22 п.п./полуг.
сезон свободен (+s в 1П, −s во 2П)           s +0.10 п.п. (95 %: -0.15…+0.30), ρ -0.30, σ 0.40, прирост ll 0.29
2017H1–2026H1 (как лист Магнита)             n=19  ρ -0.45 (95 %: -0.90…+0.25)  σ 0.52 п.п.  q 0.26 п.п./полуг.
2022H1 и 2022H2 заменены средним соседей     n=31  ρ -0.35 (95 %: -0.75…+0.20)  σ 0.34 п.п.  q 0.22 п.п./полуг.

2. Проверка без фильтра: отклонение от центрированного скользящего среднего:
   (статистика смещена к минусу по построению: у белого шума ACF(1) отклонения от центрированного среднего окна 5 — −0,30, окна 7 — −0,19; её ожидание — симуляцией модели п. 1)
  окно 5 полугодий: sd 0.43 п.п., автокорреляция 1-го порядка -0.32 (n = 27); ожидание статистики при ρ = 0: -0.25 (sd 0.13, P(≤ наблюдённой) 0.32), при ρ = -0.35: -0.40; откалиброванная оценка ρ -0.14
  окно 7 полугодий: sd 0.48 п.п., автокорреляция 1-го порядка -0.40 (n = 25); ожидание статистики при ρ = 0: -0.12 (sd 0.18, P(≤ наблюдённой) 0.06), при ρ = -0.35: -0.33; откалиброванная оценка ρ -0.45

3. Сезонность «2П − 1П», п.п.:
  2011: +0.37, 2012: +0.09, 2013: +0.62, 2014: +0.31, 2015: +0.29, 2016: +0.23, 2017: -1.51, 2018: +0.24, 2019: -0.96, 2020: -0.76, 2021: -0.44, 2022: -2.13, 2023: +0.13, 2024: -0.81, 2025: +0.68
  среднее -0.24, медиана +0.13, sd 0.83, t = -1.13; 2011–2016: +0.32; 2017–2024: -0.78; 2023–2025: +0.00

4. Уровень на якоре 2026H1 (фильтр при оценках п. 1):
  2022H2: факт 6.25, уровень 7.241 (±0.23), отклонение -0.991
  2023H1: факт 6.88, уровень 6.956 (±0.23), отклонение -0.079
  2023H2: факт 7.01, уровень 6.965 (±0.23), отклонение +0.042
  2024H1: факт 6.98, уровень 6.976 (±0.23), отклонение +0.002
  2024H2: факт 6.17, уровень 6.654 (±0.23), отклонение -0.482
  2025H1: факт 5.80, уровень 6.242 (±0.23), отклонение -0.446
  2025H2: факт 6.48, уровень 6.275 (±0.23), отклонение +0.205
  2026H1: факт 5.70, уровень 6.072 (±0.23), отклонение -0.374
  LTM 2К2026 = 6,08 %; уровень − LTM = -0.010 п.п.; sd инноваций фильтра (без 4 стартовых) 0.56 п.п.

5. σ правила A-P2u (стационарное отклонение от ПУТИ режима, MODEL §10):
  шаг прогноза при известном уровне: √(σ²(1−ρ²) + q²) = 0.451 п.п.; σ правила = шаг / √(1−ρ²) = 0.481 п.п. (чистое AR(1) без блуждания уровня — 0.42)

6. Смещение оценки ρ (симуляция, та же длина ряда):
  истинное ρ +0.30: средняя оценка +0.260, медиана +0.200, sd 0.404 (40 рядов)
  истинное ρ +0.00: средняя оценка -0.048, медиана -0.100, sd 0.339 (40 рядов)
  истинное ρ -0.35: средняя оценка -0.357, медиана -0.400, sd 0.245 (40 рядов)

Записано: series_out.json
